{"time":"2026-08-31T22:59:46.632885011+03:00","level":"INFO","msg":"mockllm: listening","addr":":9091"}
{"time":"2026-08-31T22:59:46.632976438+03:00","level":"INFO","msg":"mockllm: listening (secondary)","addr":":9093"}
{"time":"2026-08-31T22:59:46.634057473+03:00","level":"INFO","msg":"redis: connected","addr":"localhost:6379"}
{"time":"2026-08-31T22:59:46.646682239+03:00","level":"INFO","msg":"postgres: connected"}
{"time":"2026-08-31T22:59:46.646864542+03:00","level":"INFO","msg":"router: gRPC internal api listening","addr":":9092"}
{"time":"2026-08-31T22:59:46.646928409+03:00","level":"INFO","msg":"router: listening","addr":":8081","forwarding_to":"http://localhost:9091"}
{"time":"2026-08-31T22:59:48.08190822+03:00","level":"INFO","msg":"mockllm: received request","upstream":"mock-primary","method":"GET","path":"/v1/chat/completions","authorization_present":true,"x_forwarded_for":"[::1]","idempotency_key":"req-1b453810c2b6a414e87199415b58711c"}
{"time":"2026-08-31T22:59:48.082410307+03:00","level":"INFO","msg":"proxy: request forwarded","target":"mock-primary","method":"GET","path":"/v1/chat/completions","status":200,"elapsed_ms":1,"upstream_idx":0}
{"time":"2026-08-31T22:59:48.113746914+03:00","level":"INFO","msg":"mockllm: received request","upstream":"mock-primary","method":"GET","path":"/v1/chat/completions","authorization_present":true,"x_forwarded_for":"[::1]","idempotency_key":"req-c1a26f75e79be6945ad5529b4cc1ec42"}
{"time":"2026-08-31T22:59:53.114077274+03:00","level":"INFO","msg":"mockllm: request aborted by caller mid-delay","upstream":"mock-primary","delay_requested_ms":8000}
{"time":"2026-08-31T22:59:53.114129239+03:00","level":"WARN","msg":"proxy: upstream call failed, retrying","target":"mock-primary","attempt":1,"sleep_ms":129,"error":"Get \"http://localhost:9091/v1/chat/completions\": context deadline exceeded","status_code":0}
{"time":"2026-08-31T22:59:53.114212431+03:00","level":"WARN","msg":"proxy: upstream timed out","target":"mock-primary","timeout":5000000000,"elapsed_ms":5000,"breaker_state":"closed"}
{"time":"2026-08-31T22:59:53.114267161+03:00","level":"WARN","msg":"proxy: upstream call failed, retrying","target":"mock-secondary","attempt":1,"sleep_ms":116,"error":"Get \"http://localhost:9093/v1/chat/completions\": context deadline exceeded","status_code":0}
{"time":"2026-08-31T22:59:53.114297557+03:00","level":"WARN","msg":"proxy: upstream timed out","target":"mock-secondary","timeout":5000000000,"elapsed_ms":5000,"breaker_state":"closed"}
{"time":"2026-08-31T22:59:53.114318946+03:00","level":"ERROR","msg":"proxy: all upstreams exhausted or circuit breakers open"}
{"time":"2026-08-31T22:59:53.14196953+03:00","level":"INFO","msg":"mockllm: received request","upstream":"mock-primary","method":"GET","path":"/v1/chat/completions","authorization_present":true,"x_forwarded_for":"[::1]","idempotency_key":"req-3e5c79d56727b05ad74f705492e5be68"}
{"time":"2026-08-31T22:59:58.142296423+03:00","level":"INFO","msg":"mockllm: request aborted by caller mid-delay","upstream":"mock-primary","delay_requested_ms":8000}
{"time":"2026-08-31T22:59:58.142322371+03:00","level":"WARN","msg":"proxy: upstream call failed, retrying","target":"mock-primary","attempt":1,"sleep_ms":116,"error":"Get \"http://localhost:9091/v1/chat/completions\": context deadline exceeded","status_code":0}
{"time":"2026-08-31T22:59:58.142423115+03:00","level":"WARN","msg":"proxy: upstream timed out","target":"mock-primary","timeout":5000000000,"elapsed_ms":5001,"breaker_state":"closed"}
{"time":"2026-08-31T22:59:58.142485198+03:00","level":"WARN","msg":"proxy: upstream call failed, retrying","target":"mock-secondary","attempt":1,"sleep_ms":144,"error":"Get \"http://localhost:9093/v1/chat/completions\": context deadline exceeded","status_code":0}
{"time":"2026-08-31T22:59:58.142508291+03:00","level":"WARN","msg":"proxy: upstream timed out","target":"mock-secondary","timeout":5000000000,"elapsed_ms":5001,"breaker_state":"closed"}
{"time":"2026-08-31T22:59:58.142519601+03:00","level":"ERROR","msg":"proxy: all upstreams exhausted or circuit breakers open"}
{"time":"2026-08-31T22:59:58.170122371+03:00","level":"INFO","msg":"mockllm: received request","upstream":"mock-primary","method":"GET","path":"/v1/chat/completions","authorization_present":true,"x_forwarded_for":"[::1]","idempotency_key":"req-65629eb56a177008bc444502fc004a2f"}
{"time":"2026-08-31T23:00:03.170262958+03:00","level":"INFO","msg":"mockllm: request aborted by caller mid-delay","upstream":"mock-primary","delay_requested_ms":8000}
{"time":"2026-08-31T23:00:03.170309934+03:00","level":"WARN","msg":"proxy: upstream call failed, retrying","target":"mock-primary","attempt":1,"sleep_ms":106,"error":"Get \"http://localhost:9091/v1/chat/completions\": context deadline exceeded","status_code":0}
{"time":"2026-08-31T23:00:03.170408514+03:00","level":"WARN","msg":"proxy: upstream timed out","target":"mock-primary","timeout":5000000000,"elapsed_ms":5001,"breaker_state":"closed"}
{"time":"2026-08-31T23:00:03.170484694+03:00","level":"WARN","msg":"proxy: upstream call failed, retrying","target":"mock-secondary","attempt":1,"sleep_ms":112,"error":"Get \"http://localhost:9093/v1/chat/completions\": context deadline exceeded","status_code":0}
{"time":"2026-08-31T23:00:03.170529255+03:00","level":"WARN","msg":"proxy: upstream timed out","target":"mock-secondary","timeout":5000000000,"elapsed_ms":5001,"breaker_state":"closed"}
{"time":"2026-08-31T23:00:03.170546557+03:00","level":"ERROR","msg":"proxy: all upstreams exhausted or circuit breakers open"}
{"time":"2026-08-31T23:00:03.192445799+03:00","level":"INFO","msg":"mockllm: received request","upstream":"mock-primary","method":"GET","path":"/v1/chat/completions","authorization_present":true,"x_forwarded_for":"[::1]","idempotency_key":"req-04db7799ffb568ac53be0e069f6a56c3"}
{"time":"2026-08-31T23:00:08.193720916+03:00","level":"WARN","msg":"proxy: upstream call failed, retrying","target":"mock-primary","attempt":1,"sleep_ms":126,"error":"Get \"http://localhost:9091/v1/chat/completions\": context deadline exceeded","status_code":0}
{"time":"2026-08-31T23:00:08.193803437+03:00","level":"WARN","msg":"proxy: upstream timed out","target":"mock-primary","timeout":5000000000,"elapsed_ms":5001,"breaker_state":"closed"}
{"time":"2026-08-31T23:00:08.193885928+03:00","level":"WARN","msg":"proxy: upstream call failed, retrying","target":"mock-secondary","attempt":1,"sleep_ms":111,"error":"Get \"http://localhost:9093/v1/chat/completions\": context deadline exceeded","status_code":0}
{"time":"2026-08-31T23:00:08.19388747+03:00","level":"INFO","msg":"mockllm: request aborted by caller mid-delay","upstream":"mock-primary","delay_requested_ms":8000}
{"time":"2026-08-31T23:00:08.193912676+03:00","level":"WARN","msg":"proxy: upstream timed out","target":"mock-secondary","timeout":5000000000,"elapsed_ms":5002,"breaker_state":"closed"}
{"time":"2026-08-31T23:00:08.194008882+03:00","level":"ERROR","msg":"proxy: all upstreams exhausted or circuit breakers open"}
{"time":"2026-08-31T23:00:08.22052067+03:00","level":"INFO","msg":"mockllm: received request","upstream":"mock-primary","method":"GET","path":"/v1/chat/completions","authorization_present":true,"x_forwarded_for":"[::1]","idempotency_key":"req-ebf69e25d22ee5e93609381db5c2cbdc"}
{"time":"2026-08-31T23:00:13.220200223+03:00","level":"INFO","msg":"mockllm: request aborted by caller mid-delay","upstream":"mock-primary","delay_requested_ms":8000}
{"time":"2026-08-31T23:00:13.220221572+03:00","level":"WARN","msg":"proxy: upstream call failed, retrying","target":"mock-primary","attempt":1,"sleep_ms":117,"error":"Get \"http://localhost:9091/v1/chat/completions\": context deadline exceeded","status_code":0}
{"time":"2026-08-31T23:00:13.22036273+03:00","level":"WARN","msg":"proxy: upstream timed out","target":"mock-primary","timeout":5000000000,"elapsed_ms":5001,"breaker_state":"open"}
{"time":"2026-08-31T23:00:13.220460128+03:00","level":"WARN","msg":"proxy: upstream call failed, retrying","target":"mock-secondary","attempt":1,"sleep_ms":102,"error":"Get \"http://localhost:9093/v1/chat/completions\": context deadline exceeded","status_code":0}
{"time":"2026-08-31T23:00:13.220533833+03:00","level":"WARN","msg":"proxy: upstream timed out","target":"mock-secondary","timeout":5000000000,"elapsed_ms":5001,"breaker_state":"open"}
{"time":"2026-08-31T23:00:13.220547598+03:00","level":"ERROR","msg":"proxy: all upstreams exhausted or circuit breakers open"}
{"time":"2026-08-31T23:00:13.24686428+03:00","level":"WARN","msg":"proxy: circuit breaker open, skipping upstream","target":"mock-primary","state":"open"}
{"time":"2026-08-31T23:00:13.246985221+03:00","level":"WARN","msg":"proxy: circuit breaker open, skipping upstream","target":"mock-secondary","state":"open"}
{"time":"2026-08-31T23:00:13.246999498+03:00","level":"ERROR","msg":"proxy: all upstreams exhausted or circuit breakers open"}
{"time":"2026-08-31T23:08:57.769764039+03:00","level":"INFO","msg":"router: shutting down"}
